
> site@0.1.0 build
> webpack

node.exe : Browserslist: 
browsers data (caniuse-lite) 
is 8 months old. Please run:
At line:1 char:1
+ & "C:\Program 
Files\nodejs/node.exe" 
"C:\Program 
Files\nodejs/node_mo ...
+ ~~~~~~~~~~~~~~~~~~~~~~~~~~~
~~~~~~~~~~~~~~~~~~~~~~~~~~~~~
~~~~~~~~~~~~~
    + CategoryInfo           
   : NotSpecified: (Browser  
  slist: b...ld. Please ru   
 n::String) [], RemoteExc    
eption
    + FullyQualifiedErrorId  
   : NativeCommandError
 
  npx 
update-browserslist-db@latest
  Why you should do it 
regularly: https://github.com
/browserslist/update-db#readm
e
assets by status 53.5 MiB [1m[32m[cached][39m[22m 63 assets
orphan modules 11 MiB [1m[33m[orphan][39m[22m 4821 modules
runtime modules 8.07 KiB 13 modules
built modules 6.93 MiB (javascript) 307 KiB (asset) [1m[33m[built][39m[22m
  javascript modules 6.93 MiB
    modules by path [1m./node_modules/[39m[22m 3.84 MiB 41 modules
    modules by path [1m./static/[39m[22m 3.08 MiB
      [1m./static/js/index.js + 420 modules[39m[22m 3.01 MiB [1m[33m[built][39m[22m [1m[33m[code generated][39m[22m
      ./node_modules/css-loader/dist/cjs.js!./node_modules/postcss-loader/dist/cjs.js??ruleSet[1].rules[1].use[2]![1m./static/css/index.css[39m[22m 76.6 KiB [1m[33m[built][39m[22m [1m[33m[code generated][39m[22m
  asset modules 1.73 KiB (javascript) 307 KiB (asset)
    modules by mime type [1mimage/svg+xml[39m[22m 1.64 KiB
      [1mdata:image/svg+xml;base64,PHN2ZyB3aWR0aD0i..[39m[22m 354 bytes [1m[33m[built][39m[22m [1m[33m[code generated][39m[22m
      + 2 modules
    modules by path [1m./[39m[22m 307 KiB (asset) 84 bytes (javascript)
      [1m./node_modules/bootstrap-icons/font/fonts/bootstrap-icons.woff2?e34853135f9e39ac...(truncated)[39m[22m 131 KiB (asset) 42 bytes (javascript) [1m[33m[built][39m[22m [1m[33m[code generated][39m[22m
      [1m./node_modules/bootstrap-icons/font/fonts/bootstrap-icons.woff?e34853135f9e39acf...(truncated)[39m[22m 176 KiB (asset) 42 bytes (javascript) [1m[33m[built][39m[22m [1m[33m[code generated][39m[22m

[1m[33mWARNING[39m[22m in [1m./node_modules/@ffmpeg/ffmpeg/dist/esm/worker.js[39m[22m [1m[32m19:39-20:36[39m[22m
[1mCritical dependency: the request of a dependency is an expression[39m[22m
 @ ./node_modules/@ffmpeg/ffmpeg/dist/esm/classes.js
 @ ./node_modules/@ffmpeg/ffmpeg/dist/esm/index.js 1:0-29 1:0-29
 @ ./static/js/contexts/UploadContext.js 7:0-40 20:31-37
 @ ./static/js/App.js 17:0-58 37:42-56
 @ ./static/js/index.js 4:0-24 14:156-159

1 warning has detailed information that is not shown.
Use 'stats.errorDetails: true' resp. '--stats-error-details' to show it.

[1m[31mERROR[39m[22m in [1m./static/js/components/Admin/CourseEditor.js[39m[22m [1m[32m7:0-44[39m[22m
[1mModule [1m[31mnot found[39m[22m[1m: [1m[31mError[39m[22m[1m: Can't resolve 'react-player/lazy' in 'C:\Users\bende\Downloads\archive-2026-01-02T202312+0100\static\js\components\Admin'[39m[22m
resolve 'react-player/lazy' in 'C:\Users\bende\Downloads\archive-2026-01-02T202312+0100\static\js\components\Admin'
  Parsed request is a module
  using description file: C:\Users\bende\Downloads\archive-2026-01-02T202312+0100\package.json (relative path: ./static/js/components/Admin)
    Field 'browser' doesn't contain a valid alias configuration
    resolve as module
[1m[31m      C:\Users\bende\Downloads\archive-2026-01-02T202312+0100\static\js\components\Admin\node_modules doesn't exist[39m[22m or is not a directory
[1m[31m      C:\Users\bende\Downloads\archive-2026-01-02T202312+0100\static\js\components\node_modules doesn't exist[39m[22m or is not a directory
[1m[31m      C:\Users\bende\Downloads\archive-2026-01-02T202312+0100\static\js\node_modules doesn't exist[39m[22m or is not a directory
[1m[31m      C:\Users\bende\Downloads\archive-2026-01-02T202312+0100\static\node_modules doesn't exist[39m[22m or is not a directory
      looking for modules in C:\Users\bende\Downloads\archive-2026-01-02T202312+0100\node_modules
        existing directory C:\Users\bende\Downloads\archive-2026-01-02T202312+0100\node_modules\react-player
          using description file: C:\Users\bende\Downloads\archive-2026-01-02T202312+0100\node_modules\react-player\package.json (relative path: .)
            using exports field: ./dist/lazy.js
              using description file: C:\Users\bende\Downloads\archive-2026-01-02T202312+0100\node_modules\react-player\package.json (relative path: ./dist/lazy.js)
                no extension
                  Field 'browser' doesn't contain a valid alias configuration
[1m[31m                  C:\Users\bende\Downloads\archive-2026-01-02T202312+0100\node_modules\react-player\dist\lazy.js doesn't exist[39m[22m
                .js
                  Field 'browser' doesn't contain a valid alias configuration
[1m[31m                  C:\Users\bende\Downloads\archive-2026-01-02T202312+0100\node_modules\react-player\dist\lazy.js.js doesn't exist[39m[22m
                .jsx
                  Field 'browser' doesn't contain a valid alias configuration
[1m[31m                  C:\Users\bende\Downloads\archive-2026-01-02T202312+0100\node_modules\react-player\dist\lazy.js.jsx doesn't exist[39m[22m
                as directory
[1m[31m                  C:\Users\bende\Downloads\archive-2026-01-02T202312+0100\node_modules\react-player\dist\lazy.js doesn't exist[39m[22m
[1m[31m      C:\Users\bende\Downloads\node_modules doesn't exist[39m[22m or is not a directory
[1m[31m      C:\Users\bende\node_modules doesn't exist[39m[22m or is not a directory
[1m[31m      C:\Users\node_modules doesn't exist[39m[22m or is not a directory
[1m[31m      C:\node_modules doesn't exist[39m[22m or is not a directory
 @ ./static/js/pages/Admin.js 6:0-60 63:81-93
 @ ./static/js/App.js 15:0-43 58:46-60
 @ ./static/js/index.js 4:0-24 14:156-159

[1m[31mERROR[39m[22m in [1m./static/js/pages/CoursePlayer.js[39m[22m [1m[32m13:0-44[39m[22m
[1mModule [1m[31mnot found[39m[22m[1m: [1m[31mError[39m[22m[1m: Can't resolve 'react-player/lazy' in 'C:\Users\bende\Downloads\archive-2026-01-02T202312+0100\static\js\pages'[39m[22m
resolve 'react-player/lazy' in 'C:\Users\bende\Downloads\archive-2026-01-02T202312+0100\static\js\pages'
  Parsed request is a module
  using description file: C:\Users\bende\Downloads\archive-2026-01-02T202312+0100\package.json (relative path: ./static/js/pages)
    Field 'browser' doesn't contain a valid alias configuration
    resolve as module
[1m[31m      C:\Users\bende\Downloads\archive-2026-01-02T202312+0100\static\js\pages\node_modules doesn't exist[39m[22m or is not a directory
[1m[31m      C:\Users\bende\Downloads\archive-2026-01-02T202312+0100\static\js\node_modules doesn't exist[39m[22m or is not a directory
[1m[31m      C:\Users\bende\Downloads\archive-2026-01-02T202312+0100\static\node_modules doesn't exist[39m[22m or is not a directory
      looking for modules in C:\Users\bende\Downloads\archive-2026-01-02T202312+0100\node_modules
        existing directory C:\Users\bende\Downloads\archive-2026-01-02T202312+0100\node_modules\react-player
          using description file: C:\Users\bende\Downloads\archive-2026-01-02T202312+0100\node_modules\react-player\package.json (relative path: .)
            using exports field: ./dist/lazy.js
              using description file: C:\Users\bende\Downloads\archive-2026-01-02T202312+0100\node_modules\react-player\package.json (relative path: ./dist/lazy.js)
                no extension
                  Field 'browser' doesn't contain a valid alias configuration
[1m[31m                  C:\Users\bende\Downloads\archive-2026-01-02T202312+0100\node_modules\react-player\dist\lazy.js doesn't exist[39m[22m
                .js
                  Field 'browser' doesn't contain a valid alias configuration
[1m[31m                  C:\Users\bende\Downloads\archive-2026-01-02T202312+0100\node_modules\react-player\dist\lazy.js.js doesn't exist[39m[22m
                .jsx
                  Field 'browser' doesn't contain a valid alias configuration
[1m[31m                  C:\Users\bende\Downloads\archive-2026-01-02T202312+0100\node_modules\react-player\dist\lazy.js.jsx doesn't exist[39m[22m
                as directory
[1m[31m                  C:\Users\bende\Downloads\archive-2026-01-02T202312+0100\node_modules\react-player\dist\lazy.js doesn't exist[39m[22m
[1m[31m      C:\Users\bende\Downloads\node_modules doesn't exist[39m[22m or is not a directory
[1m[31m      C:\Users\bende\node_modules doesn't exist[39m[22m or is not a directory
[1m[31m      C:\Users\node_modules doesn't exist[39m[22m or is not a directory
[1m[31m      C:\node_modules doesn't exist[39m[22m or is not a directory
 @ ./static/js/App.js 16:0-48 61:46-58
 @ ./static/js/index.js 4:0-24 14:156-159

webpack 5.99.8 compiled with [1m[31m2 errors[39m[22m and [1m[33m1 warning[39m[22m in 16989 ms
